<testsuites name="jest tests" tests="1" failures="0" time="0.762">
  <testsuite name="undefined" errors="0" failures="0" skipped="0" timestamp="2020-12-18T07:44:06" time="0.762" tests="1">
    <testcase classname=" renders without crashing" name=" renders without crashing" time="0.018">
    </testcase>
  </testsuite>
</testsuites>